2026-07-14T16:43:39Z INF Thank you for trying Cloudflare Tunnel. Doing so, without a Cloudflare account, is a quick way to experiment and try it out. However, be aware that these account-less Tunnels have no uptime guarantee, are subject to the Cloudflare Online Services Terms of Use (https://www.cloudflare.com/website-terms/), and Cloudflare reserves the right to investigate your use of Tunnels for violations of such terms. If you intend to use Tunnels in production you should use a pre-created named tunnel by following: https://developers.cloudflare.com/cloudflare-one/connections/connect-apps
2026-07-14T16:43:39Z INF Requesting new quick Tunnel on trycloudflare.com...
2026-07-14T16:43:44Z INF +--------------------------------------------------------------------------------------------+
2026-07-14T16:43:44Z INF |  Your quick Tunnel has been created! Visit it at (it may take some time to be reachable):  |
2026-07-14T16:43:44Z INF |  https://photographs-phil-asthma-logo.trycloudflare.com                                    |
2026-07-14T16:43:44Z INF +--------------------------------------------------------------------------------------------+
2026-07-14T16:43:44Z INF Cannot determine default configuration path. No file [config.yml config.yaml] in [~/.cloudflared ~/.cloudflare-warp ~/cloudflare-warp]
2026-07-14T16:43:44Z INF Version 2026.7.1 (Checksum ccb0756de288d3c2c076d19764ca53e0849a10f2dd9c23f8656ac42bdeb45001)
2026-07-14T16:43:44Z INF GOOS: windows, GOVersion: go1.26.4, GoArch: amd64
2026-07-14T16:43:44Z INF Settings: map[ha-connections:1 protocol:quic url:http://localhost:3080]
2026-07-14T16:43:44Z INF cloudflared will not automatically update on Windows systems.
2026-07-14T16:43:44Z INF Generated Connector ID: 04a789df-f9e7-4e44-b00d-f60bc79f6dfd
2026-07-14T16:43:44Z INF Initial protocol quic
2026-07-14T16:43:44Z INF ICMP proxy will use 192.168.100.116 as source for IPv4
2026-07-14T16:43:44Z INF ICMP proxy will use fe80::f710:65e7:a6b1:2e8d in zone Wi-Fi as source for IPv6
2026-07-14T16:43:44Z INF cloudflared does not support loading the system root certificate pool on Windows. Please use --origin-ca-pool <PATH> to specify the path to the certificate pool
2026-07-14T16:43:44Z INF ICMP proxy will use 192.168.100.116 as source for IPv4
2026-07-14T16:43:44Z INF Tunnel connection curve preferences: [X25519MLKEM768 CurveID(65074) CurveP256] connIndex=0 event=0 ip=198.41.192.107
2026-07-14T16:43:44Z INF ICMP proxy will use fe80::f710:65e7:a6b1:2e8d in zone Wi-Fi as source for IPv6
2026-07-14T16:43:44Z INF Starting metrics server on 127.0.0.1:20241/metrics
2026-07-14T16:43:44Z INF +-------------------------------------------------------------------------------------+
2026-07-14T16:43:44Z INF |                               CONNECTIVITY PRE-CHECKS                               |
2026-07-14T16:43:44Z INF +-------------------------------------------------------------------------------------+
2026-07-14T16:43:44Z INF |  COMPONENT         TARGET                     STATUS  DETAILS                       |
2026-07-14T16:43:44Z INF |  DNS Resolution    region1.v2.argotunnel.com  PASS    DNS Resolved successfully     |
2026-07-14T16:43:44Z INF |  DNS Resolution    region2.v2.argotunnel.com  PASS    DNS Resolved successfully     |
2026-07-14T16:43:44Z INF |  UDP Connectivity  region1.v2.argotunnel.com  PASS    QUIC connection successful    |
2026-07-14T16:43:44Z INF |  UDP Connectivity  region2.v2.argotunnel.com  PASS    QUIC connection successful    |
2026-07-14T16:43:44Z INF |  TCP Connectivity  region1.v2.argotunnel.com  PASS    HTTP/2 connection successful  |
2026-07-14T16:43:44Z INF |  TCP Connectivity  region2.v2.argotunnel.com  PASS    HTTP/2 connection successful  |
2026-07-14T16:43:44Z INF |  Cloudflare API    api.cloudflare.com:443     PASS    API is reachable              |
2026-07-14T16:43:44Z INF |                                                                                     |
2026-07-14T16:43:44Z INF |  SUMMARY: Environment is healthy. cloudflared will use 'quic' as primary protocol.  |
2026-07-14T16:43:44Z INF +-------------------------------------------------------------------------------------+
2026-07-14T16:43:44Z INF precheck component="DNS Resolution" details="DNS Resolved successfully" run_id=09092be1-fc85-49db-8c6d-1f79ed77a8c5 status=pass target=region1.v2.argotunnel.com
2026-07-14T16:43:44Z INF precheck component="DNS Resolution" details="DNS Resolved successfully" run_id=09092be1-fc85-49db-8c6d-1f79ed77a8c5 status=pass target=region2.v2.argotunnel.com
2026-07-14T16:43:44Z INF precheck component="UDP Connectivity" details="QUIC connection successful" run_id=09092be1-fc85-49db-8c6d-1f79ed77a8c5 status=pass target=region1.v2.argotunnel.com
2026-07-14T16:43:44Z INF precheck component="UDP Connectivity" details="QUIC connection successful" run_id=09092be1-fc85-49db-8c6d-1f79ed77a8c5 status=pass target=region2.v2.argotunnel.com
2026-07-14T16:43:44Z INF precheck component="TCP Connectivity" details="HTTP/2 connection successful" run_id=09092be1-fc85-49db-8c6d-1f79ed77a8c5 status=pass target=region1.v2.argotunnel.com
2026-07-14T16:43:44Z INF precheck component="TCP Connectivity" details="HTTP/2 connection successful" run_id=09092be1-fc85-49db-8c6d-1f79ed77a8c5 status=pass target=region2.v2.argotunnel.com
2026-07-14T16:43:44Z INF precheck component="Cloudflare API" details="API is reachable" run_id=09092be1-fc85-49db-8c6d-1f79ed77a8c5 status=pass target=api.cloudflare.com:443
2026-07-14T16:43:44Z INF precheck complete hard_fail=false run_id=09092be1-fc85-49db-8c6d-1f79ed77a8c5 suggested_protocol=quic
2026-07-14T16:43:44Z INF Registered tunnel connection connIndex=0 connection=da8ada29-e6c8-4b17-bf9a-76827c1b9b3a event=0 ip=198.41.192.107 location=amm04 protocol=quic
